// Jest Snapshot v1, https://goo.gl/fbAQLP

exports[`<ContactList /> Snapshots Should render correctly 1`] = `
.c7 {
  display: -webkit-box;
  display: -webkit-flex;
  display: -ms-flexbox;
  display: flex;
  width: 40px;
  height: 40px;
}

.c9 {
  font-family: 'Roboto',sans-serif;
  font-weight: normal;
  font-size: 16px;
  -webkit-letter-spacing: 0.5px;
  -moz-letter-spacing: 0.5px;
  -ms-letter-spacing: 0.5px;
  letter-spacing: 0.5px;
  line-height: 19px;
  color: #252525;
  margin: 0;
}

.c10 {
  font-family: 'Roboto',sans-serif;
  font-weight: normal;
  font-size: 12px;
  -webkit-letter-spacing: 0.4px;
  -moz-letter-spacing: 0.4px;
  -ms-letter-spacing: 0.4px;
  letter-spacing: 0.4px;
  line-height: 14px;
  color: #555555;
  margin: 0;
}

.c12 {
  font-family: 'Roboto',sans-serif;
  font-weight: normal;
  font-size: 12px;
  -webkit-letter-spacing: 0.4px;
  -moz-letter-spacing: 0.4px;
  -ms-letter-spacing: 0.4px;
  letter-spacing: 0.4px;
  line-height: 14px;
  color: #A5A5A5;
  margin: 0;
}

.c16 {
  font-family: 'Roboto',sans-serif;
  font-weight: bold;
  font-size: 12px;
  -webkit-letter-spacing: 0.4px;
  -moz-letter-spacing: 0.4px;
  -ms-letter-spacing: 0.4px;
  letter-spacing: 0.4px;
  line-height: 14px;
  margin: 0;
}

.c0 {
  padding: 0;
  margin: 0;
  display: -webkit-box;
  display: -webkit-flex;
  display: -ms-flexbox;
  display: flex;
  -webkit-flex-direction: row;
  -ms-flex-direction: row;
  flex-direction: row;
  -webkit-box-pack: start;
  -webkit-justify-content: flex-start;
  -ms-flex-pack: start;
  justify-content: flex-start;
  -webkit-align-content: flex-start;
  -ms-flex-line-pack: start;
  align-content: flex-start;
  -webkit-align-items: flex-start;
  -webkit-box-align: flex-start;
  -ms-flex-align: flex-start;
  align-items: flex-start;
  width: auto;
  height: auto;
}

.c1 {
  padding: 0;
  margin: 0;
  display: -webkit-box;
  display: -webkit-flex;
  display: -ms-flexbox;
  display: flex;
  -webkit-flex-wrap: wrap;
  -ms-flex-wrap: wrap;
  flex-wrap: wrap;
  -webkit-flex-direction: row;
  -ms-flex-direction: row;
  flex-direction: row;
  -webkit-box-pack: start;
  -webkit-justify-content: flex-start;
  -ms-flex-pack: start;
  justify-content: flex-start;
  -webkit-align-content: flex-start;
  -ms-flex-line-pack: start;
  align-content: flex-start;
  -webkit-align-items: flex-start;
  -webkit-box-align: flex-start;
  -ms-flex-align: flex-start;
  align-items: flex-start;
  width: auto;
  height: auto;
}

.c3 {
  padding: 0;
  margin: 0;
  display: -webkit-box;
  display: -webkit-flex;
  display: -ms-flexbox;
  display: flex;
  -webkit-flex-direction: row;
  -ms-flex-direction: row;
  flex-direction: row;
  -webkit-box-pack: justify;
  -webkit-justify-content: space-between;
  -ms-flex-pack: justify;
  justify-content: space-between;
  -webkit-align-content: flex-start;
  -ms-flex-line-pack: start;
  align-content: flex-start;
  -webkit-align-items: flex-start;
  -webkit-box-align: flex-start;
  -ms-flex-align: flex-start;
  align-items: flex-start;
  width: 100%;
  height: 40px;
}

.c4 {
  padding: 0;
  margin: 0;
  display: -webkit-box;
  display: -webkit-flex;
  display: -ms-flexbox;
  display: flex;
  -webkit-flex-direction: row;
  -ms-flex-direction: row;
  flex-direction: row;
  -webkit-box-pack: start;
  -webkit-justify-content: flex-start;
  -ms-flex-pack: start;
  justify-content: flex-start;
  -webkit-align-content: flex-start;
  -ms-flex-line-pack: start;
  align-content: flex-start;
  -webkit-align-items: flex-start;
  -webkit-box-align: flex-start;
  -ms-flex-align: flex-start;
  align-items: flex-start;
  width: auto;
  height: 40px;
}

.c8 {
  padding: 0;
  margin: 0;
  display: -webkit-box;
  display: -webkit-flex;
  display: -ms-flexbox;
  display: flex;
  -webkit-flex-direction: column;
  -ms-flex-direction: column;
  flex-direction: column;
  -webkit-box-pack: justify;
  -webkit-justify-content: space-between;
  -ms-flex-pack: justify;
  justify-content: space-between;
  -webkit-align-content: flex-start;
  -ms-flex-line-pack: start;
  align-content: flex-start;
  -webkit-align-items: flex-start;
  -webkit-box-align: flex-start;
  -ms-flex-align: flex-start;
  align-items: flex-start;
  width: auto;
  height: 40px;
}

.c11 {
  padding: 0;
  margin: 0;
  display: -webkit-box;
  display: -webkit-flex;
  display: -ms-flexbox;
  display: flex;
  -webkit-flex-direction: column;
  -ms-flex-direction: column;
  flex-direction: column;
  -webkit-box-pack: justify;
  -webkit-justify-content: space-between;
  -ms-flex-pack: justify;
  justify-content: space-between;
  -webkit-align-content: flex-start;
  -ms-flex-line-pack: start;
  align-content: flex-start;
  -webkit-align-items: flex-end;
  -webkit-box-align: flex-end;
  -ms-flex-align: flex-end;
  align-items: flex-end;
  width: auto;
  height: 40px;
}

.c13 {
  padding: 0;
  margin: 0;
  display: -webkit-box;
  display: -webkit-flex;
  display: -ms-flexbox;
  display: flex;
  -webkit-flex-direction: row;
  -ms-flex-direction: row;
  flex-direction: row;
  -webkit-box-pack: center;
  -webkit-justify-content: center;
  -ms-flex-pack: center;
  justify-content: center;
  -webkit-align-content: flex-start;
  -ms-flex-line-pack: start;
  align-content: flex-start;
  -webkit-align-items: center;
  -webkit-box-align: center;
  -ms-flex-align: center;
  align-items: center;
  width: auto;
  height: auto;
}

.c6 {
  outline: none;
  -webkit-user-select: none;
  -moz-user-select: none;
  -ms-user-select: none;
  user-select: none;
  padding: 0;
  margin: 0;
}

.c14 {
  display: -webkit-box;
  display: -webkit-flex;
  display: -ms-flexbox;
  display: flex;
  -webkit-box-pack: center;
  -webkit-justify-content: center;
  -ms-flex-pack: center;
  justify-content: center;
  -webkit-align-items: center;
  -webkit-box-align: center;
  -ms-flex-align: center;
  align-items: center;
  border-radius: 50%;
  width: 20px;
  height: 20px;
  color: #FAFAFA;
  background: #00ADFF;
}

.c5 {
  margin-right: 20px;
}

.c17 {
  width: 100%;
  height: 1px;
  background: #E5E5E5;
  margin-top: 15px;
}

.c15 {
  width: 20px;
  height: 20px;
}

.c2 {
  width: 420px;
  padding-top: 15px;
  cursor: pointer;
}

.c2:hover {
  background: rgba(164,226,255,0.1);
}

<div
  className="c0 "
>
  <div
    className="c1 c2"
  >
    <div
      className="c3"
      height="40px"
      width="100%"
    >
      <div
        className="c4"
        height="40px"
      >
        <div
          className="c0 c5"
        >
          <img
            alt="Icon component"
            className="c6 c7"
            src="Person.svg"
          />
        </div>
        <div
          className="c8"
          height="40px"
        >
          <p
            className="c9"
          >
            Test User 1
          </p>
          <p
            className="c10"
          >
            Last message #1
          </p>
        </div>
      </div>
      <div
        className="c11"
        height="40px"
      >
        <p
          className="c12"
        >
          12:00 am
        </p>
        <div
          className="c0"
        >
          <div
            className="c0"
          >
            <div
              className="c13 c14 c15"
              color="primary"
            >
              <p
                className="c16"
              >
                9+
              </p>
            </div>
          </div>
        </div>
      </div>
    </div>
    <div
      className="c17"
    />
  </div>
  <div
    className="c1 c2"
  >
    <div
      className="c3"
      height="40px"
      width="100%"
    >
      <div
        className="c4"
        height="40px"
      >
        <div
          className="c0 c5"
        >
          <img
            alt="Icon component"
            className="c6 c7"
            src="Person.svg"
          />
        </div>
        <div
          className="c8"
          height="40px"
        >
          <p
            className="c9"
          >
            Test User 2
          </p>
          <p
            className="c10"
          />
        </div>
      </div>
      <div
        className="c11"
        height="40px"
      >
        <p
          className="c12"
        />
        <div
          className="c0"
        >
          <div
            className="c0"
          >
            <div
              className="c13 c14 c15"
              color="primary"
            >
              <p
                className="c16"
              >
                2
              </p>
            </div>
          </div>
        </div>
      </div>
    </div>
    <div
      className="c17"
    />
  </div>
</div>
`;
