// Jest Snapshot v1, https://goo.gl/fbAQLP

exports[`<MessageList /> Snapshots Should render correctly 1`] = `
.c5 {
  display: -webkit-box;
  display: -webkit-flex;
  display: -ms-flexbox;
  display: flex;
  width: 40px;
  height: 40px;
}

.c9 {
  font-family: 'Roboto',sans-serif;
  font-weight: normal;
  font-size: 16px;
  -webkit-letter-spacing: 0.5px;
  -moz-letter-spacing: 0.5px;
  -ms-letter-spacing: 0.5px;
  letter-spacing: 0.5px;
  line-height: 19px;
  color: #000000;
  margin: 0;
}

.c11 {
  font-family: 'Roboto',sans-serif;
  font-weight: normal;
  font-size: 12px;
  -webkit-letter-spacing: 0.4px;
  -moz-letter-spacing: 0.4px;
  -ms-letter-spacing: 0.4px;
  letter-spacing: 0.4px;
  line-height: 14px;
  color: #000000;
  margin: 0;
}

.c13 {
  font-family: 'Roboto',sans-serif;
  font-weight: normal;
  font-size: 14px;
  -webkit-letter-spacing: 0.25px;
  -moz-letter-spacing: 0.25px;
  -ms-letter-spacing: 0.25px;
  letter-spacing: 0.25px;
  color: #000000;
  margin: 0;
}

.c0 {
  padding: 0;
  margin: 0;
  display: -webkit-box;
  display: -webkit-flex;
  display: -ms-flexbox;
  display: flex;
  -webkit-flex-direction: row;
  -ms-flex-direction: row;
  flex-direction: row;
  -webkit-box-pack: start;
  -webkit-justify-content: flex-start;
  -ms-flex-pack: start;
  justify-content: flex-start;
  -webkit-align-content: flex-start;
  -ms-flex-line-pack: start;
  align-content: flex-start;
  -webkit-align-items: flex-start;
  -webkit-box-align: flex-start;
  -ms-flex-align: flex-start;
  align-items: flex-start;
  width: auto;
  height: auto;
}

.c4 {
  outline: none;
  -webkit-user-select: none;
  -moz-user-select: none;
  -ms-user-select: none;
  user-select: none;
  padding: 0;
  margin: 0;
}

.c6 {
  margin-right: 15px;
}

.c10 {
  margin-right: 10px;
  color: #252525;
}

.c12 {
  color: #A5A5A5;
}

.c14 {
  color: #000000;
  word-break: break-all;
}

.c7 {
  -webkit-flex-direction: column;
  -ms-flex-direction: column;
  flex-direction: column;
  -webkit-box-pack: justify;
  -webkit-justify-content: space-between;
  -ms-flex-pack: justify;
  justify-content: space-between;
}

.c8 {
  -webkit-align-items: center;
  -webkit-box-align: center;
  -ms-flex-align: center;
  align-items: center;
}

.c1 {
  width: calc(100% - 45px);
  height: calc(100% - 110px);
  position: absolute;
  top: 20px;
  left: 20px;
  background: #FAFAFA;
  border-radius: 3px;
  padding-left: 5px;
  padding-right: 0;
  -webkit-flex-direction: column-reverse;
  -ms-flex-direction: column-reverse;
  flex-direction: column-reverse;
}

.c3 {
  margin: 7.5px 0;
}

.c2 {
  display: -webkit-box;
  display: -webkit-flex;
  display: -ms-flexbox;
  display: flex;
  -webkit-flex-direction: column-reverse;
  -ms-flex-direction: column-reverse;
  flex-direction: column-reverse;
  overflow-y: scroll;
  -webkit-box-pack: justify;
  -webkit-justify-content: space-between;
  -ms-flex-pack: justify;
  justify-content: space-between;
  width: 100%;
}

.c2::-webkit-scrollbar-track {
  background-color: #FAFAFA;
}

.c2::-webkit-scrollbar-thumb {
  border-radius: 2px;
  background-color: #E5E5E5;
  height: 100px;
}

.c2::-webkit-scrollbar {
  width: 7px;
}

<div
  class="c0 c1"
>
  <div
    class="c2"
  >
    <div
      class="c0 c3"
    >
      <img
        alt="Icon component"
        class="c4 c5 c6"
        src="Person.svg"
      />
      <div
        class="c0 c7"
      >
        <div
          class="c0 c8"
        >
          <p
            class="c9 c10"
          >
            Test User1
          </p>
          <p
            class="c11 c12"
          >
            12:00 am
          </p>
        </div>
        <p
          class="c13 c14"
        >
          Test message
        </p>
      </div>
    </div>
  </div>
</div>
`;
